// Jest Snapshot v1, https://goo.gl/fbAQLP

exports[`ModuleDetailsPage should match previous snapshot 1`] = `
<ContextProvider
  value={
    Object {
      "store": Object {
        "clearActions": [Function],
        "dispatch": [Function],
        "getActions": [Function],
        "getState": [Function],
        "replaceReducer": [Function],
        "subscribe": [Function],
      },
      "subscription": Subscription {
        "handleChangeWrapper": [Function],
        "listeners": Object {
          "notify": [Function],
        },
        "onStateChange": [Function],
        "parentSub": undefined,
        "store": Object {
          "clearActions": [Function],
          "dispatch": [Function],
          "getActions": [Function],
          "getState": [Function],
          "replaceReducer": [Function],
          "subscribe": [Function],
        },
        "unsubscribe": null,
      },
    }
  }
>
  <RouterProvider>
    <Connect(ModuleDetailsPage)
      dispatchFetchModuleList={[MockFunction]}
      module={
        Object {
          "description": "a test module description",
          "name": "Test module 1",
          "subjectId": "1",
        }
      }
      moduleId="1"
      notions={Array []}
      t={[Function]}
    />
  </RouterProvider>
</ContextProvider>
`;
