// Jest Snapshot v1, https://goo.gl/fbAQLP

exports[`ModuleList should match previous snapshot 1`] = `
<styled.ul
  display="grid"
  gridAutoRows="minmax(250px, 1fr)"
  gridRowGap="2em"
  listStyle="none"
/>
`;
