// Jest Snapshot v1, https://goo.gl/fbAQLP

exports[`Subject card component snapshot testing should match previous snapshot 1`] = `undefined`;
