// Jest Snapshot v1, https://goo.gl/fbAQLP

exports[`StyledList should match previous snapshot 1`] = `
<ul
  className="sc-dlfnbm bXKA-DI"
>
  <li>
    Hello, world!
  </li>
</ul>
`;
