// Jest Snapshot v1, https://goo.gl/fbAQLP

exports[`NavbarLogo should match previous snapshot 1`] = `
<Link
  to="/home"
>
  <Styled(ReactSVG)
    src="/assets/svg/logo_black_mini.svg"
  />
</Link>
`;
