// Jest Snapshot v1, https://goo.gl/fbAQLP

exports[`Concept edition page - lesson list item snapshots should match previous snapshot 1`] = `
<ContextProvider
  value={
    Object {
      "store": Object {
        "clearActions": [Function],
        "dispatch": [Function],
        "getActions": [Function],
        "getState": [Function],
        "replaceReducer": [Function],
        "subscribe": [Function],
      },
      "subscription": Subscription {
        "handleChangeWrapper": [Function],
        "listeners": Object {
          "notify": [Function],
        },
        "onStateChange": [Function],
        "parentSub": undefined,
        "store": Object {
          "clearActions": [Function],
          "dispatch": [Function],
          "getActions": [Function],
          "getState": [Function],
          "replaceReducer": [Function],
          "subscribe": [Function],
        },
        "unsubscribe": null,
      },
    }
  }
>
  <ConceptLessonListItem
    conceptId="1"
    description="dummy_lesson_desc_1"
    id="dummy_lesson_id_1"
    title="dummy_lesson_title_1"
  />
</ContextProvider>
`;
