// Jest Snapshot v1, https://goo.gl/fbAQLP

exports[`Signup form snapshot testing should match previous snapshot 1`] = `
<Router
  history={
    Object {
      "action": "POP",
      "block": [Function],
      "createHref": [Function],
      "go": [Function],
      "goBack": [Function],
      "goForward": [Function],
      "listen": [Function],
      "location": Object {
        "hash": "",
        "pathname": "/",
        "search": "",
        "state": undefined,
      },
      "push": [Function],
      "replace": [Function],
    }
  }
  staticContext={Object {}}
>
  <SignInForm
    onSubmit={[MockFunction]}
    t={[Function]}
  />
</Router>
`;
