// Jest Snapshot v1, https://goo.gl/fbAQLP

exports[`LegendComponent should match previous snapshot 1`] = `
<styled.legend>
  Test legend
</styled.legend>
`;
