// Jest Snapshot v1, https://goo.gl/fbAQLP

exports[`Link component should match the snapshot 1`] = `
<a
  className="normal"
  href="#"
  onMouseEnter={[Function]}
  onMouseLeave={[Function]}
/>
`;
