// Jest Snapshot v1, https://goo.gl/fbAQLP

exports[`ModalFooter should render correctly 1`] = `
<styled.div
  display="flex"
  justifyContent="flex-end"
  marginTop="1em"
>
  <p>
    Content
  </p>
</styled.div>
`;
