// Jest Snapshot v1, https://goo.gl/fbAQLP

exports[`StyledListItem should match previous snapshot 1`] = `
<li
  className="sc-dlfnbm lNSRg"
>
  Hello, world!
</li>
`;
